\BOOKMARK [0][-]{Doc-Start}{\376\377\000H\000A\000L\000A\000M\000A\000N\000\040\000S\000A\000M\000P\000U\000L}{}% 1
\BOOKMARK [0][-]{Doc-Start}{\376\377\000L\000E\000M\000B\000A\000R\000\040\000P\000E\000R\000S\000E\000T\000U\000J\000U\000A\000N\000\040\000S\000K\000R\000I\000P\000S\000I}{}% 2
\BOOKMARK [0][-]{Doc-Start}{\376\377\000L\000E\000M\000B\000A\000R\000\040\000P\000E\000N\000G\000E\000S\000A\000H\000A\000N\000\040\000S\000K\000R\000I\000P\000S\000I}{}% 3
\BOOKMARK [0][-]{table.caption.1}{\376\377\000L\000E\000M\000B\000A\000R\000\040\000P\000E\000R\000N\000Y\000A\000T\000A\000A\000N\000\040\000K\000E\000A\000S\000L\000I\000A\000N\000\040\000S\000K\000R\000I\000P\000S\000I}{}% 4
\BOOKMARK [0][-]{section*.3}{\376\377\000A\000B\000S\000T\000R\000A\000K}{}% 5
\BOOKMARK [0][-]{section*.5}{\376\377\000K\000A\000T\000A\000\040\000P\000E\000N\000G\000A\000N\000T\000A\000R}{}% 6
\BOOKMARK [0][-]{section*.6}{\376\377\000D\000A\000F\000T\000A\000R\000\040\000I\000S\000I}{}% 7
\BOOKMARK [0][-]{section*.7}{\376\377\000D\000A\000F\000T\000A\000R\000\040\000T\000A\000B\000E\000L}{}% 8
\BOOKMARK [0][-]{section*.8}{\376\377\000D\000A\000F\000T\000A\000R\000\040\000G\000A\000M\000B\000A\000R}{}% 9
\BOOKMARK [0][-]{chapter.1}{\376\377\000P\000E\000N\000D\000A\000H\000U\000L\000U\000A\000N}{}% 10
\BOOKMARK [1][-]{section.1.1}{\376\377\000L\000a\000t\000a\000r\000\040\000B\000e\000l\000a\000k\000a\000n\000g\000\040\000M\000a\000s\000a\000l\000a\000h}{chapter.1}% 11
\BOOKMARK [1][-]{section.1.2}{\376\377\000P\000e\000r\000m\000a\000s\000a\000l\000a\000h\000a\000n\000\040\000P\000e\000n\000e\000l\000i\000t\000i\000a\000n}{chapter.1}% 12
\BOOKMARK [2][-]{subsection.1.2.1}{\376\377\000I\000d\000e\000n\000t\000i\000f\000i\000k\000a\000s\000i\000\040\000M\000a\000s\000a\000l\000a\000h}{section.1.2}% 13
\BOOKMARK [2][-]{subsection.1.2.2}{\376\377\000R\000u\000a\000n\000g\000\040\000L\000i\000n\000g\000k\000u\000p\000\040\000M\000a\000s\000a\000l\000a\000h}{section.1.2}% 14
\BOOKMARK [2][-]{subsection.1.2.3}{\376\377\000R\000u\000m\000u\000s\000a\000n\000\040\000M\000a\000s\000a\000l\000a\000h}{section.1.2}% 15
\BOOKMARK [1][-]{section.1.3}{\376\377\000T\000u\000j\000u\000a\000n\000\040\000d\000a\000n\000\040\000M\000a\000n\000f\000a\000a\000t}{chapter.1}% 16
\BOOKMARK [2][-]{subsection.1.3.1}{\376\377\000T\000u\000j\000u\000a\000n}{section.1.3}% 17
\BOOKMARK [2][-]{subsection.1.3.2}{\376\377\000M\000a\000n\000f\000a\000a\000t}{section.1.3}% 18
\BOOKMARK [1][-]{section.1.4}{\376\377\000S\000i\000s\000t\000e\000m\000a\000t\000i\000k\000a\000\040\000P\000e\000n\000u\000l\000i\000s\000a\000n}{chapter.1}% 19
\BOOKMARK [0][-]{chapter.2}{\376\377\000L\000A\000N\000D\000A\000S\000A\000N\000\040\000T\000E\000O\000R\000I\000\040\000D\000A\000N\000\040\000K\000E\000R\000A\000N\000G\000K\000A\000\040\000P\000E\000M\000I\000K\000I\000R\000A\000N}{}% 20
\BOOKMARK [1][-]{section.2.1}{\376\377\000T\000i\000n\000j\000a\000u\000a\000n\000\040\000P\000u\000s\000t\000a\000k\000a}{chapter.2}% 21
\BOOKMARK [1][-]{section.2.2}{\376\377\000L\000a\000n\000d\000a\000s\000a\000n\000\040\000T\000e\000o\000r\000i}{chapter.2}% 22
\BOOKMARK [1][-]{section.2.3}{\376\377\000K\000e\000r\000a\000n\000g\000k\000a\000\040\000P\000e\000m\000i\000k\000i\000r\000a\000n}{chapter.2}% 23
\BOOKMARK [0][-]{chapter.3}{\376\377\000M\000E\000T\000O\000D\000E\000\040\000P\000E\000N\000E\000L\000I\000T\000I\000A\000N}{}% 24
\BOOKMARK [1][-]{section.3.1}{\376\377\000A\000n\000a\000l\000i\000s\000a\000\040\000K\000e\000b\000u\000t\000u\000h\000a\000n}{chapter.3}% 25
\BOOKMARK [1][-]{section.3.2}{\376\377\000P\000e\000r\000a\000n\000c\000a\000n\000g\000a\000n\000\040\000P\000e\000n\000e\000l\000i\000t\000i\000a\000n}{chapter.3}% 26
\BOOKMARK [1][-]{section.3.3}{\376\377\000T\000e\000k\000n\000i\000k\000\040\000A\000n\000a\000l\000i\000s\000i\000s}{chapter.3}% 27
\BOOKMARK [1][-]{section.3.4}{\376\377\000J\000a\000d\000w\000a\000l\000\040\000d\000a\000n\000\040\000B\000i\000a\000y\000a\000\040\000P\000e\000n\000e\000l\000i\000t\000i\000a\000n}{chapter.3}% 28
\BOOKMARK [0][-]{chapter.4}{\376\377\000H\000A\000S\000I\000L\000\040\000D\000A\000N\000\040\000P\000E\000M\000B\000A\000H\000A\000S\000A\000N}{}% 29
\BOOKMARK [1][-]{section.4.1}{\376\377\000H\000a\000s\000i\000l}{chapter.4}% 30
\BOOKMARK [1][-]{section.4.2}{\376\377\000P\000e\000m\000b\000a\000h\000a\000s\000a\000n}{chapter.4}% 31
\BOOKMARK [1][-]{section.4.3}{\376\377\000I\000m\000p\000l\000i\000k\000a\000s\000i\000\040\000P\000e\000n\000e\000l\000i\000t\000i\000a\000n}{chapter.4}% 32
\BOOKMARK [0][-]{chapter.5}{\376\377\000K\000E\000S\000I\000M\000P\000U\000L\000A\000N\000\040\000D\000A\000N\000\040\000S\000A\000R\000A\000N}{}% 33
\BOOKMARK [1][-]{section.5.1}{\376\377\000K\000e\000s\000i\000m\000p\000u\000l\000a\000n}{chapter.5}% 34
\BOOKMARK [1][-]{section.5.2}{\376\377\000S\000a\000r\000a\000n}{chapter.5}% 35
\BOOKMARK [0][-]{section*.10}{\376\377\000D\000A\000F\000T\000A\000R\000\040\000P\000U\000S\000T\000A\000K\000A}{}% 36
\BOOKMARK [0][-]{section*.12}{\376\377\000D\000A\000F\000T\000A\000R\000\040\000R\000I\000W\000A\000Y\000A\000T\000\040\000H\000I\000D\000U\000P}{}% 37
\BOOKMARK [0][-]{appendix*.13}{\376\377\000L\000A\000M\000P\000I\000R\000A\000N\000\040\000A\000\040\000K\000O\000D\000E\000\040\000P\000R\000O\000G\000R\000A\000M}{}% 38
\BOOKMARK [1][-]{section*.14}{\376\377\000L\000a\000m\000p\000i\000r\000a\000n\000\040\000A\000.\0001\000.\000\040\000P\000r\000o\000g\000r\000a\000m\000\040\000P\000e\000m\000b\000a\000c\000a\000a\000n\000\040\000S\000e\000n\000s\000o\000r\000\040\000U\000l\000t\000r\000a\000s\000o\000n\000i\000c}{appendix*.13}% 39
\BOOKMARK [1][-]{section*.14}{\376\377\000L\000a\000m\000p\000i\000r\000a\000n\000\040\000A\000.\0002\000.\000\040\000P\000r\000o\000g\000r\000a\000m\000\040\000K\000e\000s\000e\000l\000u\000r\000u\000h\000a\000n\000\040\000P\000r\000o\000y\000e\000k\000\040\000A\000k\000h\000i\000r}{appendix*.13}% 40
\BOOKMARK [0][-]{appendix*.15}{\376\377\000L\000A\000M\000P\000I\000R\000A\000N\000\040\000B\000\040\000G\000A\000M\000B\000A\000R\000-\000G\000A\000M\000B\000A\000R}{}% 41
\BOOKMARK [1][-]{section*.16}{\376\377\000L\000a\000m\000p\000i\000r\000a\000n\000\040\000B\000.\0001\000.\000\040\000F\000o\000t\000o\000\040\000A\000k\000t\000i\000v\000i\000t\000a\000s\000\040\000K\000e\000g\000i\000a\000t\000a\000n\000\040\000P\000r\000o\000y\000e\000k\000\040\000A\000k\000h\000i\000r}{appendix*.15}% 42
\BOOKMARK [1][-]{figure.caption.17}{\376\377\000L\000a\000m\000p\000i\000r\000a\000n\000\040\000B\000.\0002\000.\000\040\000F\000o\000t\000o\000\040\000P\000r\000o\000d\000u\000k\000\040\000P\000r\000o\000y\000e\000k\000\040\000A\000k\000h\000i\000r}{appendix*.15}% 43
